Warning: KiotaBuilder OpenAPI warning: #/ - Multiple servers entries were found in the OpenAPI description. Only the first one will be used. The root URL can be set manually with the request adapter.
Warning: KiotaBuilder OpenAPI warning: #/ - The schema GameEventOpponent is a polymorphic type but does not define a discriminator. This will result in serialization errors.
Warning: KiotaBuilder OpenAPI warning: #/ - The schema MoveStreamEntry is a polymorphic type but does not define a discriminator. This will result in serialization errors.
Warning: KiotaBuilder OpenAPI warning: #/ - The schema TimeControl is a polymorphic type but does not define a discriminator. This will result in serialization errors.
Warning: KiotaBuilder OpenAPI warning: #/ - The schema TvFeed is a polymorphic type but does not define a discriminator. This will result in serialization errors.
Warning: KiotaBuilder OpenAPI warning: #/ - The schema ArenaPosition is a polymorphic type but does not define a discriminator. This will result in serialization errors.
Warning: KiotaBuilder OpenAPI warning: #/ - The schema /api/player/autocomplete is a polymorphic type but does not define a discriminator. This will result in serialization errors.
Warning: KiotaBuilder OpenAPI warning: #/ - The schema /game/export/{gameId} is a polymorphic type but does not define a discriminator. This will result in serialization errors.
Warning: KiotaBuilder OpenAPI warning: #/ - The schema /api/games/export/_ids is a polymorphic type but does not define a discriminator. This will result in serialization errors.
Warning: KiotaBuilder OpenAPI warning: #/ - The schema /api/user/{username}/current-game is a polymorphic type but does not define a discriminator. This will result in serialization errors.
Warning: KiotaBuilder OpenAPI warning: #/ - The schema /api/games/export/bookmarks is a polymorphic type but does not define a discriminator. This will result in serialization errors.
Warning: KiotaBuilder OpenAPI warning: #/paths/~1api~1import/post/responses/200/content/application~1json/schema/properties/url - The format uri is not supported by Kiota and the string type will be used.
Warning: KiotaBuilder OpenAPI warning: #/paths/~1broadcast~1new/post - The operation #/paths/~1broadcast~1new/post has a request body with a complex properties and the url form encoded content type. This is not supported by Kiota and serialization of complex properties will fail.
Warning: KiotaBuilder OpenAPI warning: #/paths/~1broadcast~1{broadcastTournamentId}~1edit/post - The operation #/paths/~1broadcast~1{broadcastTournamentId}~1edit/post has a request body with a complex properties and the url form encoded content type. This is not supported by Kiota and serialization of complex properties will fail.
Warning: KiotaBuilder OpenAPI warning: #/paths/~1broadcast~1{broadcastTournamentId}~1new/post - The operation #/paths/~1broadcast~1{broadcastTournamentId}~1new/post has a request body which is not an object type. This is not supported by Kiota and serialization will fail.
Warning: KiotaBuilder OpenAPI warning: #/paths/~1broadcast~1round~1{broadcastRoundId}~1edit/post - The operation #/paths/~1broadcast~1round~1{broadcastRoundId}~1edit/post has a request body which is not an object type. This is not supported by Kiota and serialization will fail.
Warning: KiotaBuilder OpenAPI warning: #/paths/~1api~1streamer~1live/get/responses/200/content/application~1json/schema/items/allOf/1/properties/streamer/properties/twitch - The format uri is not supported by Kiota and the string type will be used.
Warning: KiotaBuilder OpenAPI warning: #/paths/~1api~1streamer~1live/get/responses/200/content/application~1json/schema/items/allOf/1/properties/streamer/properties/youtube - The format uri is not supported by Kiota and the string type will be used.
Warning: KiotaBuilder OpenAPI warning: #/paths/~1api~1streamer~1live/get/responses/200/content/application~1json/schema/items/allOf/1/properties/streamer/properties/image - The format uri is not supported by Kiota and the string type will be used.
Warning: KiotaBuilder OpenAPI warning: #/paths/~1api~1board~1seek/post - The operation #/paths/~1api~1board~1seek/post has a request body which is not an object type. This is not supported by Kiota and serialization will fail.
Warning: KiotaBuilder OpenAPI warning: #/paths/~1api~1challenge~1{username}/post - The operation #/paths/~1api~1challenge~1{username}/post has a request body which is not an object type. This is not supported by Kiota and serialization will fail.
Warning: KiotaBuilder OpenAPI warning: #/components/schemas/UserStreamer/properties/twitch/properties/channel - The format uri is not supported by Kiota and the string type will be used.
Warning: KiotaBuilder OpenAPI warning: #/components/schemas/UserStreamer/properties/youtube/properties/channel - The format uri is not supported by Kiota and the string type will be used.
Warning: KiotaBuilder OpenAPI warning: #/components/schemas/UserExtended/allOf/1/properties/url - The format uri is not supported by Kiota and the string type will be used.
Warning: KiotaBuilder OpenAPI warning: #/components/schemas/UserExtended/allOf/1/properties/playing - The format uri is not supported by Kiota and the string type will be used.
Warning: KiotaBuilder OpenAPI warning: #/components/schemas/UserActivityCorrespondenceGame/properties/url - The format uri is not supported by Kiota and the string type will be used.
Warning: KiotaBuilder OpenAPI warning: #/components/schemas/UserActivity/properties/teams/items/properties/url - The format uri is not supported by Kiota and the string type will be used.
Warning: KiotaBuilder OpenAPI warning: #/components/schemas/PuzzleRacer/properties/url - The format uri is not supported by Kiota and the string type will be used.
Warning: KiotaBuilder OpenAPI warning: #/components/schemas/UserPreferences/properties/bgImg - The format uri is not supported by Kiota and the string type will be used.
Warning: KiotaBuilder OpenAPI warning: #/components/schemas/ArenaPosition/oneOf/0/properties/url - The format uri is not supported by Kiota and the string type will be used.
Warning: KiotaBuilder OpenAPI warning: #/components/schemas/ArenaTournamentFull/properties/startsAt - The format int64 is not supported by Kiota for the type String and the string type will be used.
Warning: KiotaBuilder OpenAPI warning: #/components/schemas/ArenaTournamentFull/properties/greatPlayer/properties/url - The format uri is not supported by Kiota and the string type will be used.
Warning: KiotaBuilder OpenAPI warning: #/components/schemas/BroadcastTourInfo/properties/website - The format uri is not supported by Kiota and the string type will be used.
Warning: KiotaBuilder OpenAPI warning: #/components/schemas/BroadcastTourInfo/properties/standings - The format uri is not supported by Kiota and the string type will be used.
Warning: KiotaBuilder OpenAPI warning: #/components/schemas/BroadcastTourInfo/properties/regulations - The format uri is not supported by Kiota and the string type will be used.
Warning: KiotaBuilder OpenAPI warning: #/components/schemas/BroadcastTour/properties/image - The format uri is not supported by Kiota and the string type will be used.
Warning: KiotaBuilder OpenAPI warning: #/components/schemas/BroadcastTour/properties/url - The format uri is not supported by Kiota and the string type will be used.
Warning: KiotaBuilder OpenAPI warning: #/components/schemas/BroadcastRoundInfo/properties/url - The format uri is not supported by Kiota and the string type will be used.
Warning: KiotaBuilder OpenAPI warning: #/components/schemas/BroadcastRoundForm/allOf/0/oneOf/1/properties/syncUrl - The format uri is not supported by Kiota and the string type will be used.
Warning: KiotaBuilder OpenAPI warning: #/components/schemas/ChallengeJson/properties/url - The format uri is not supported by Kiota and the string type will be used.
Warning: KiotaBuilder OpenAPI warning: #/components/schemas/ChallengeOpenJson/properties/url - The format uri is not supported by Kiota and the string type will be used.
Warning: KiotaBuilder OpenAPI warning: #/components/schemas/ChallengeOpenJson/properties/urlWhite - The format uri is not supported by Kiota and the string type will be used.
Warning: KiotaBuilder OpenAPI warning: #/components/schemas/ChallengeOpenJson/properties/urlBlack - The format uri is not supported by Kiota and the string type will be used.
Warning: KiotaBuilder Discriminator GamePgn is not inherited from GamePgn.
